// Jest Snapshot v1, https://goo.gl/fbAQLP

exports[`DoubleBounceSpinner should match snapshot 1`] = `
<div
  className="DoubleBounceSpinner__Spinner-sc-1at75e0-0 kTRFtp"
  size={40}
>
  <div
    className="DoubleBounceSpinner__DoubleBounce-sc-1at75e0-1 kazjie"
    color="#4caad0"
  />
  <div
    className="DoubleBounceSpinner__DoubleBounce-sc-1at75e0-1 ieWRLG"
    color="#4caad0"
  />
</div>
`;
